// Jest Snapshot v1, https://goo.gl/fbAQLP

exports[`Pruebas en <LoginScreen /> Deberia mostrarse correctamente 1`] = `
<div
  className="container login-container"
>
  <div
    className="row"
  >
    <div
      className="col-md-6 login-form-1 mb-5"
    >
      <h3>
        Login
      </h3>
      <form
        id="login"
        onSubmit={[Function]}
      >
        <div
          className="form-group"
        >
          <input
            autoComplete="off"
            className="form-control"
            name="loginEmail"
            onChange={[Function]}
            placeholder="Correo"
            type="text"
            value=""
          />
        </div>
        <div
          className="form-group mb-4"
        >
          <input
            autoComplete="off"
            className="form-control"
            name="loginPassword"
            onChange={[Function]}
            type="password"
            value=""
          />
        </div>
        <div
          className="form-group text-center"
        >
          <input
            className="btnSubmit"
            type="submit"
            value="Login"
          />
        </div>
      </form>
    </div>
    <div
      className="col-md-6 login-form-2 mb-5"
    >
      <h3>
        Register
      </h3>
      <form
        id="register"
        onSubmit={[Function]}
      >
        <div
          className="form-group"
        >
          <input
            autoComplete="off"
            className="form-control"
            name="registerName"
            onChange={[Function]}
            placeholder="Name"
            type="text"
            value=""
          />
        </div>
        <div
          className="form-group"
        >
          <input
            autoComplete="off"
            className="form-control"
            name="registerEmail"
            onChange={[Function]}
            placeholder="Email"
            type="email"
            value=""
          />
        </div>
        <div
          className="form-group"
        >
          <input
            autoComplete="off"
            className="form-control"
            name="registerPassword"
            onChange={[Function]}
            placeholder="Password"
            type="password"
            value=""
          />
        </div>
        <div
          className="form-group mb-4"
        >
          <input
            autoComplete="off"
            className="form-control"
            name="passwordConfirmation"
            onChange={[Function]}
            placeholder="Password Confirmation"
            type="password"
            value=""
          />
        </div>
        <div
          className="form-group text-center"
        >
          <input
            className="btnSubmit"
            type="submit"
            value="Create Account"
          />
        </div>
      </form>
    </div>
  </div>
</div>
`;
